first, change hostname to your FQDN name

Then add the same FQDN in the /etc/hosts file, associating it with the loopback address:
127.0.0.1 localhost lukescool.club
$ sudo gedit /etc/hosts

verify it works: (didnt work)
$ ping "$(lukescool.club)"
$ping lukescool.club worked

$ sudo apt-get purge jigasi jitsi-meet jitsi-meet-web-config jitsi-meet-prosody jitsi-meet-turnserver jitsi-meet-web jicofo jitsi-videobridge2
$ sudo apt-get -y install jitsi-meet


$ sudo /usr/share/jitsi-meet/scripts/install-letsencrypt-cert.sh





firewall:
luke@lukescool:~$ sudo ufw allow from any to any port 10000 proto tcp
Rules updated
Rules updated (v6)
luke@lukescool:~$ sudo ufw allow from any to any port any to any proto tcp
ERROR: Improper rule syntax
luke@lukescool:~$ sudo ufw allow from any to any port 80 proto tcp
Rules updated
Rules updated (v6)
luke@lukescool:~$ sudo ufw allow from any to any port 443 proto tcp
Rules updated
Rules updated (v6)
luke@lukescool:~$ sudo ufw allow from any to any port 443 proto udp
Rules updated
Rules updated (v6)
luke@lukescool:~$ sudo ufw allow from any to any port 80 proto udp

14  ufw allow http
15  ufw allow https
16  ufw allow ssh
17  ufw allow 4443/tcp
18  ufw allow 10000/udp



sudo ufw status
sudo ufw status numbered
sudo ufw delete  5
